{
	"Value": "256 0,0,0,0\n256 0,0,0,0\n256 0,0,0,0\n256 0,0,0,0\n256 0,0,0,0\n256 0,0,0,0\n256 0,0,0,0\n256 0,0,0,0\n256 0,0,0,0\n256 0,0,0,0\n256 0,0,0,0\n256 0,0,0,0\n256 0,0,0,0\n256 0,0,0,0\n256 0,0,0,0\n256 0,0,0,0\n256 0,0,0,0\n256 0,0,0,0\n256 0,0,0,0\n256 0,0,0,0\n256 0,0,0,0\n256 0,0,0,0\n256 0,0,0,0\n256 0,0,0,0\n256 0,0,0,0\n256 0,0,0,0\n256 0,0,0,0\n256 0,0,0,0\n256 0,0,0,0\n256 0,0,0,0\n256 0,0,0,0\n256 0,0,0,0\n256 0,0,0,0\n256 0,0,0,0\n256 0,0,0,0\n256 0,0,0,0\n256 0,0,0,0\n256 0,0,0,0\n256 0,0,0,0\n256 0,0,0,0\n256 0,0,0,0\n256 0,0,0,0\n256 0,0,0,0\n256 0,0,0,0\n256 0,0,0,0\n256 0,0,0,0\n256 0,0,0,0\n256 0,0,0,0\n256 0,0,0,0\n256 0,0,0,0\n256 0,0,0,0\n256 0,0,0,0\n256 0,0,0,0\n256 0,0,0,0\n256 0,0,0,0\n256 0,0,0,0\n256 0,0,0,0\n256 0,0,0,0\n256 0,0,0,0\n256 0,0,0,0\n256 0,0,0,0\n256 0,0,0,0\n256 0,0,0,0\n256 0,0,0,0\n256 0,0,0,0\n256 0,0,0,0\n256 0,0,0,0\n256 0,0,0,0\n256 0,0,0,0\n256 0,0,0,0\n256 0,0,0,0\n256 0,0,0,0\n256 0,0,0,0\n256 0,0,0,0\n256 0,0,0,0\n256 0,0,0,0\n256 0,0,0,0\n256 0,0,0,0\n256 0,0,0,0\n256 0,0,0,0\n256 0,0,0,0\n256 0,0,0,0\n256 0,0,0,0\n256 0,0,0,0\n256 0,0,0,0\n256 0,0,0,0\n256 0,0,0,0\n256 0,0,0,0\n256 0,0,0,0\n256 0,0,0,0\n256 0,0,0,0\n256 0,0,0,0\n256 0,0,0,0\n256 0,0,0,0\n256 0,0,0,0\n256 0,0,0,0\n256 0,0,0,0\n256 0,0,0,0\n256 0,0,0,0\n256 0,0,0,0\n256 0,0,0,0\n256 0,0,0,0\n256 0,0,0,0\n256 0,0,0,0\n256 0,0,0,0\n256 0,0,0,0\n256 0,0,0,0\n256 0,0,0,0\n256 0,0,0,0\n256 0,0,0,0\n256 0,0,0,0\n256 0,0,0,0\n256 0,0,0,0\n256 0,0,0,0\n256 0,0,0,0\n256 0,0,0,0\n256 0,0,0,0\n256 0,0,0,0\n256 0,0,0,0\n256 0,0,0,0\n256 0,0,0,0\n256 0,0,0,0\n256 0,0,0,0\n256 0,0,0,0\n256 0,0,0,0\n256 0,0,0,0\n256 0,0,0,0\n256 0,0,0,0\n256 0,0,0,0\n256 0,0,0,0\n256 0,0,0,0\n256 0,0,0,0\n256 0,0,0,0\n256 0,0,0,0\n256 0,0,0,0\n256 0,0,0,0\n256 0,0,0,0\n256 0,0,0,0\n256 0,0,0,0\n256 0,0,0,0\n256 0,0,0,0\n256 0,0,0,0\n256 0,0,0,0\n256 0,0,0,0\n256 0,0,0,0\n256 0,0,0,0\n256 0,0,0,0\n256 0,0,0,0\n256 0,0,0,0\n256 0,0,0,0\n256 0,0,0,0\n256 0,0,0,0\n256 0,0,0,0\n256 0,0,0,0\n256 0,0,0,0\n256 0,0,0,0\n256 0,0,0,0\n256 0,0,0,0\n256 0,0,0,0\n256 0,0,0,0\n256 0,0,0,0\n256 0,0,0,0\n256 0,0,0,0\n256 0,0,0,0\n256 0,0,0,0\n256 0,0,0,0\n256 0,0,0,0\n256 0,0,0,0\n256 0,0,0,0\n256 0,0,0,0\n256 0,0,0,0\n256 0,0,0,0\n256 0,0,0,0\n256 0,0,0,0\n256 0,0,0,0\n256 0,0,0,0\n256 0,0,0,0\n256 0,0,0,0\n256 0,0,0,0\n256 0,0,0,0\n256 0,0,0,0\n256 0,0,0,0\n256 0,0,0,0\n256 0,0,0,0\n256 0,0,0,0\n256 0,0,0,0\n256 0,0,0,0\n256 0,0,0,0\n256 0,0,0,0\n256 0,0,0,0\n256 0,0,0,0\n256 0,0,0,0\n256 0,0,0,0\n256 0,0,0,0\n256 0,0,0,0\n256 0,0,0,0\n256 0,0,0,0\n256 0,0,0,0\n256 0,0,0,0\n256 0,0,0,0\n256 0,0,0,0\n256 0,0,0,0\n256 0,0,0,0\n256 0,0,0,0\n256 0,0,0,0\n256 0,0,0,0\n256 0,0,0,0\n256 0,0,0,0\n256 0,0,0,0\n256 0,0,0,0\n256 0,0,0,0\n256 0,0,0,0\n256 0,0,0,0\n256 0,0,0,0\n256 0,0,0,0\n256 0,0,0,0\n256 0,0,0,0\n256 0,0,0,0\n256 0,0,0,0\n256 0,0,0,0\n256 0,0,0,0\n256 0,0,0,0\n256 0,0,0,0\n256 0,0,0,0\n256 0,0,0,0\n256 0,0,0,0\n256 0,0,0,0\n256 0,0,0,0\n256 0,0,0,0\n256 0,0,0,0\n256 0,0,0,0\n256 0,0,0,0\n256 0,0,0,0\n256 0,0,0,0\n256 0,0,0,0\n256 0,0,0,0\n256 0,0,0,0\n256 0,0,0,0\n256 0,0,0,0\n256 0,0,0,0\n256 0,0,0,0\n256 0,0,0,0\n256 0,0,0,0\n256 0,0,0,0\n256 0,0,0,0\n256 0,0,0,0\n256 0,0,0,0\n256 0,0,0,0\n256 0,0,0,0\n256 0,0,0,0\n256 0,0,0,0\n256 0,0,0,0\n256 0,0,0,0\n256 0,0,0,0\n256 0,0,0,0\n256 0,0,0,0"
}