{
	"DataType": "IMAGE",
	"Value": "16 65535,0,0,65535\n16 65535,0,0,65535\n16 65535,0,0,65535\n16 65535,0,0,65535\n16 65535,0,0,65535\n16 65535,0,0,65535\n16 65535,0,0,65535\n8 65535,0,0,65535|8 32639,0,0,65535\n8 65535,0,0,65535|8 32639,0,0,65535\n16 65535,0,0,65535\n16 65535,0,0,65535\n16 65535,0,0,65535\n16 65535,0,0,65535\n16 65535,0,0,65535\n16 65535,0,0,65535\n16 65535,0,0,65535"
}