{
	"Value": "20 65535,65535,65535,65535\n20 65535,65535,65535,65535\n20 65535,65535,65535,65535\n20 65535,65535,65535,65535\n20 65535,65535,65535,65535\n20 65535,65535,65535,65535\n20 65535,65535,65535,65535\n20 65535,65535,65535,65535\n20 65535,65535,65535,65535\n20 65535,65535,65535,65535\n20 65535,65535,65535,65535\n20 65535,65535,65535,65535\n20 65535,65535,65535,65535\n20 65535,65535,65535,65535\n20 65535,65535,65535,65535\n20 65535,65535,65535,65535\n20 65535,65535,65535,65535\n20 65535,65535,65535,65535\n20 65535,65535,65535,65535\n20 65535,65535,65535,65535"
}