{
	"DataType": "IMAGE",
	"Value": "10 65535,65535,65535,65535\n10 65535,65535,65535,65535\n10 65535,65535,65535,65535\n10 65535,65535,65535,65535\n10 65535,65535,65535,65535\n10 65535,65535,65535,65535\n10 65535,65535,65535,65535\n10 65535,65535,65535,65535\n10 65535,65535,65535,65535\n10 65535,65535,65535,65535"
}